// Jest Snapshot v1, https://goo.gl/fbAQLP

exports[`matches snapshot 1`] = `
<section
  id="about"
>
  <h5>
    Get to Know
  </h5>
  <h2>
    About Me
  </h2>
  <div
    className="container about__container"
  >
    <div
      className="about__me"
    >
      <div
        className="about__me-image"
      >
        <img
          alt="About Me Image"
          src="me-1.png"
        />
      </div>
    </div>
    <div
      className="about__content"
    >
      <div
        className="about__cards"
      >
        <article
          className="about__card"
        >
          <svg
            className="about__icon"
            fill="currentColor"
            height="1em"
            stroke="currentColor"
            strokeWidth="0"
            style={
              Object {
                "color": undefined,
              }
            }
            viewBox="0 0 384 512"
            width="1em"
            xmlns="http://www.w3.org/2000/svg"
          >
            <path
              d="M97.12 362.63c-8.69-8.69-4.16-6.24-25.12-11.85-9.51-2.55-17.87-7.45-25.43-13.32L1.2 448.7c-4.39 10.77 3.81 22.47 15.43 22.03l52.69-2.01L105.56 507c8 8.44 22.04 5.81 26.43-4.96l52.05-127.62c-10.84 6.04-22.87 9.58-35.31 9.58-19.5 0-37.82-7.59-51.61-21.37zM382.8 448.7l-45.37-111.24c-7.56 5.88-15.92 10.77-25.43 13.32-21.07 5.64-16.45 3.18-25.12 11.85-13.79 13.78-32.12 21.37-51.62 21.37-12.44 0-24.47-3.55-35.31-9.58L252 502.04c4.39 10.77 18.44 13.4 26.43 4.96l36.25-38.28 52.69 2.01c11.62.44 19.82-11.27 15.43-22.03zM263 340c15.28-15.55 17.03-14.21 38.79-20.14 13.89-3.79 24.75-14.84 28.47-28.98 7.48-28.4 5.54-24.97 25.95-45.75 10.17-10.35 14.14-25.44 10.42-39.58-7.47-28.38-7.48-24.42 0-52.83 3.72-14.14-.25-29.23-10.42-39.58-20.41-20.78-18.47-17.36-25.95-45.75-3.72-14.14-14.58-25.19-28.47-28.98-27.88-7.61-24.52-5.62-44.95-26.41-10.17-10.35-25-14.4-38.89-10.61-27.87 7.6-23.98 7.61-51.9 0-13.89-3.79-28.72.25-38.89 10.61-20.41 20.78-17.05 18.8-44.94 26.41-13.89 3.79-24.75 14.84-28.47 28.98-7.47 28.39-5.54 24.97-25.95 45.75-10.17 10.35-14.15 25.44-10.42 39.58 7.47 28.36 7.48 24.4 0 52.82-3.72 14.14.25 29.23 10.42 39.59 20.41 20.78 18.47 17.35 25.95 45.75 3.72 14.14 14.58 25.19 28.47 28.98C104.6 325.96 106.27 325 121 340c13.23 13.47 33.84 15.88 49.74 5.82a39.676 39.676 0 0 1 42.53 0c15.89 10.06 36.5 7.65 49.73-5.82zM97.66 175.96c0-53.03 42.24-96.02 94.34-96.02s94.34 42.99 94.34 96.02-42.24 96.02-94.34 96.02-94.34-42.99-94.34-96.02z"
            />
          </svg>
          <h5>
            Experience
          </h5>
          <small>
            No commercial experience
          </small>
        </article>
        <article
          className="about__card"
        >
          <svg
            className="about__icon"
            fill="none"
            height="1em"
            stroke="currentColor"
            strokeLinecap="round"
            strokeLinejoin="round"
            strokeWidth="2"
            style={
              Object {
                "color": undefined,
              }
            }
            viewBox="0 0 24 24"
            width="1em"
            xmlns="http://www.w3.org/2000/svg"
          >
            <path
              d="M17 21v-2a4 4 0 0 0-4-4H5a4 4 0 0 0-4 4v2"
            />
            <circle
              cx="9"
              cy="7"
              r="4"
            />
            <path
              d="M23 21v-2a4 4 0 0 0-3-3.87"
            />
            <path
              d="M16 3.13a4 4 0 0 1 0 7.75"
            />
          </svg>
          <h5>
            Clients
          </h5>
          <small>
            No official clients
          </small>
        </article>
        <article
          className="about__card"
        >
          <svg
            className="about__icon"
            fill="currentColor"
            height="1em"
            stroke="currentColor"
            strokeWidth="0"
            style={
              Object {
                "color": undefined,
              }
            }
            viewBox="0 0 16 16"
            width="1em"
            xmlns="http://www.w3.org/2000/svg"
          >
            <path
              clipRule="evenodd"
              d="M7.70996 3H14.5L15.01 3.5V7H14V5.98999H7.68994L6.82996 6.84998L6.47998 7H1.98999V7.48999V11.49V13H7V14H1.51001L1.01001 13.5V6.5V2.5L1.51001 2H6.51001L6.85999 2.15002L7.70996 3ZM7.48999 5H13.99L14 4.01001H7.5L7.14001 3.85999L6.29004 3.01001H2V6.01001H6.28003L7.14001 5.15002L7.48999 5Z"
              fillRule="evenodd"
            />
            <rect
              height="6"
              width="1"
              x="8"
              y="8"
            />
            <rect
              height="6"
              width="1"
              x="10"
              y="8"
            />
            <rect
              height="6"
              transform="rotate(-20 12.0041 8.35193)"
              width="1"
              x="12.0041"
              y="8.35193"
            />
          </svg>
          <h5>
            Projects
          </h5>
          <small>
            Every project at my repository
          </small>
        </article>
      </div>
      <p>
        Lorem ipsum dolor sit amet, consectetur adipiscing elit, sed do eiusmod tempor incididunt ut labore et dolore magna aliqua. Ut enim ad minim veniam, quis nostrud exercitation ullamco laboris nisi ut aliquip ex ea commodo consequat.
      </p>
      <a
        className="btn btn-primary"
        href="#contact"
      >
        Let's Talk
      </a>
    </div>
  </div>
</section>
`;
